{
  "user": {
    "first_name": "",
    "last_name": "",
    "email": "test@test.com",
    "created_at": "2020-12-13T20:36:17-06:00",
    "description": null,
    "interests": null,
    "email_visible": false,
    "last_login_at": "2023-01-11T01:19:39Z",
    "total_route_distance": 0,
    "metric_units": false,
    "hr_max": null,
    "hr_rest": null,
    "hr_zone_1_low": null,
    "hr_zone_1_high": null,
    "hr_zone_2_low": null,
    "hr_zone_2_high": null,
    "hr_zone_3_low": null,
    "hr_zone_3_high": null,
    "hr_zone_4_low": null,
    "hr_zone_4_high": null,
    "hr_zone_5_low": null,
    "hr_zone_5_high": null,
    "is_male": null,
    "weight": null,
    "vo2max": null,
    "num_unread_messages": 0,
    "email_on_message": false,
    "email_on_comment": false,
    "email_on_update": false,
    "visibility": 0,
    "time_zone": "America/Chicago",
    "facebook_id": null,
    "account_level": 2,
    "weeks_start_on": 0,
    "email_bounce_count": 0,
    "trips_included_in_totals_count": 0,
    "site_id": 1,
    "dob": null,
    "deactivated": 0,
    "updated_at": "2023-01-10T19:19:39-06:00",
    "deactivated_at": null,
    "locale": "en",
    "heatmap_optout": false,
    "email_on_follow": true,
    "email_on_goal": true,
    "email_monthly_summary": true,
    "facebook_access_token_ciphertext": null,
    "email_recommendations": true,
    "migrated_facebook_access_token": null,
    "delete_on": null,
    "age": null
  }
}