{"type":"route","route":{"id":138,"highlighted_photo_id":0,"highlighted_photo_checksum":null,"distance":168253.0,"elevation_gain":879.914,"elevation_loss":896.587,"track_id":"4dfd576699f6f91eff09beec","user_id":1,"pavement_type":null,"pavement_type_id":null,"recreation_type_ids":[3],"visibility":0,"created_at":"2008-01-16T03:07:22-06:00","updated_at":"2017-06-09T19:00:39-05:00","name":"Ride the Rogue","description":"Annual Ride the Rogue centennial bike ride.","first_lng":-123.170347726,"first_lat":42.4398401286,"last_lat":42.4396429863,"last_lng":-123.170986259,"bounding_box":[{"lat":42.2352882475,"lng":-123.506197343},{"lat":42.4957305752,"lng":-122.889487417}],"locality":"Rogue River","postal_code":"97537","administrative_area":"OR","country_code":"US","privacy_code":null,"user":{"id":1,"created_at":"2007-10-26T23:38:46-05:00","description":"I work on this site with Zack Ham, I love my job!","interests":"Programming, motorcycling, rock climbing, bicycling...if it ends with 'ing', I probably will enjoy it! other things","locality":"Bend","administrative_area":"Oregon","account_level":11,"total_trip_distance":29605148.831646685,"total_trip_duration":5060741,"total_trip_elevation_gain":325978.181146709,"name":"Cullen","highlighted_photo_id":48,"highlighted_photo_checksum":"6ca42a40c58d968efde6e3ec560d45dd"},"has_course_points":false,"tag_names":[],"track_type":"loop","terrain":"flat","difficulty":"hard","unpaved_pct":0,"surface":"paved","nav_enabled":false,"rememberable":true,"metrics":{"id":60201414,"parent_id":138,"parent_type":"Route","created_at":"2019-07-30T15:26:04-05:00","updated_at":"2019-07-30T15:26:04-05:00","ele":{"max":657.198486328,"min":255.848022461,"_min":255.848022461,"_max":657.198486328,"max_i":104,"min_i":249,"_avg":353.6188744965434,"avg":353.6188744965434},"grade":{"max":4.062675645652933,"min":-2.1205056443918475,"_min":-6.5,"_max":6.5,"max_i":103,"min_i":113,"_avg":0.14378881987577635,"avg":0.14423676012461054},"distance":168252.90287076947,"startElevation":330.830932617,"endElevation":314.969116211,"numPoints":322,"ele_gain":879.9142257966582,"ele_loss":896.5865994433755,"v":1,"watts":{},"cad":{},"hr":{},"hills":[]},"photos":[],"segment_matches":null,"track_points":[{"R":4,"S":95,"e":330.8309326,"x":-123.1703477,"y":42.4398401},{"R":4,"S":95,"e":331.3115234,"x":-123.1701613,"y":42.4390965},{"R":4,"S":95,"e":331.3115234,"x":-123.1701009,"y":42.4348585},{"R":4,"S":0,"e":331.3115234,"x":-123.1675033,"y":42.4332305},{"R":4,"S":95,"e":331.7921142,"x":-123.1620886,"y":42.4323524},{"R":4,"S":95,"e":334.1954345,"x":-123.1614117,"y":42.4261551},{"R":4,"S":95,"e":330.8309326,"x":-123.1588953,"y":42.4204048},{"R":4,"S":95,"e":329.8695068,"x":-123.1545362,"y":42.4154537},{"R":4,"S":95,"e":329.8695068,"x":-123.1491735,"y":42.4126608},{"R":4,"S":95,"e":330.8309326,"x":-123.1427029,"y":42.4105344},{"R":4,"S":95,"e":332.272827,"x":-123.1359657,"y":42.4096282},{"R":4,"S":95,"e":330.3502197,"x":-123.1314972,"y":42.4129881},{"R":4,"S":95,"e":331.7921142,"x":-123.1302781,"y":42.4174549},{"R":4,"S":95,"e":334.1954345,"x":-123.1289224,"y":42.4234035},{"R":28,"S":1,"e":331.7921142,"x":-123.1221201,"y":42.4260266},{"R":28,"S":1,"e":329.8695068,"x":-123.111693,"y":42.428896},{"R":28,"S":1,"e":330.3502197,"x":-123.1043049,"y":42.4302172},{"R":28,"S":1,"e":331.3115234,"x":-123.0945834,"y":42.4324394},{"R":28,"S":1,"e":332.272827,"x":-123.0894128,"y":42.4336131},{"R":28,"S":1,"e":330.3502197,"x":-123.0824489,"y":42.435683},{"R":3,"S":1,"e":335.1567382,"x":-123.0730682,"y":42.4356893},{"R":3,"S":1,"e":336.118164,"x":-123.0629341,"y":42.4334653},{"R":3,"S":95,"e":339.9633789,"x":-123.0519506,"y":42.4316294},{"R":3,"S":95,"e":342.84729,"x":-123.047004,"y":42.4319226},{"R":28,"S":1,"e":339.0020751,"x":-123.042788,"y":42.4339327},{"R":3,"S":95,"e":344.7700195,"x":-123.0456103,"y":42.4416693},{"R":3,"S":95,"e":343.3278808,"x":-123.0435577,"y":42.4468628},{"R":3,"S":95,"e":352.9411621,"x":-123.0412132,"y":42.4507667},{"R":3,"S":95,"e":358.7089843,"x":-123.0380955,"y":42.4546482},{"R":3,"S":95,"e":354.8637695,"x":-123.0318147,"y":42.4558262},{"R":3,"S":95,"e":346.6926269,"x":-123.0278974,"y":42.4581614},{"R":3,"S":95,"e":343.3278808,"x":-123.0181287,"y":42.4619361},{"R":3,"S":95,"e":349.0958251,"x":-123.0089596,"y":42.4670413},{"R":3,"S":95,"e":371.2062988,"x":-123.0045842,"y":42.4726675},{"R":3,"S":95,"e":375.0515136,"x":-123.0041836,"y":42.473311},{"R":3,"S":95,"e":376.0128173,"x":-123.0031091,"y":42.474491},{"R":3,"S":95,"e":376.0128173,"x":-122.9984094,"y":42.4762937},{"R":3,"S":95,"e":378.4161376,"x":-122.9932584,"y":42.4765277},{"R":3,"S":95,"e":380.3387451,"x":-122.9835188,"y":42.4765289},{"R":3,"S":95,"e":381.7806395,"x":-122.9705179,"y":42.4765317},{"R":4,"S":95,"e":381.7806395,"x":-122.9643456,"y":42.4766096},{"R":4,"S":95,"e":386.5874023,"x":-122.954616,"y":42.4765581},{"R":4,"S":95,"e":378.4161376,"x":-122.9468533,"y":42.4765539},{"R":4,"S":95,"e":375.5321044,"x":-122.9447632,"y":42.4746952},{"R":4,"S":95,"e":376.4935302,"x":-122.9437695,"y":42.4674773},{"R":4,"S":95,"e":368.8029785,"x":-122.9405558,"y":42.463081},{"R":4,"S":95,"e":366.880249,"x":-122.9359123,"y":42.4620164},{"R":4,"S":95,"e":365.4383544,"x":-122.9346962,"y":42.4585642},{"R":4,"S":95,"e":363.0350341,"x":-122.9343478,"y":42.4518086},{"R":4,"S":95,"e":363.515747,"x":-122.9254566,"y":42.4512373},{"R":4,"S":95,"e":365.4383544,"x":-122.9156482,"y":42.4512247},{"R":4,"S":95,"e":364.4769286,"x":-122.9064009,"y":42.4512391},{"R":4,"S":95,"e":365.9189453,"x":-122.8987332,"y":42.4509479},{"R":4,"S":95,"e":363.515747,"x":-122.8935743,"y":42.4447868},{"R":4,"S":95,"e":376.0128173,"x":-122.8906703,"y":42.4383289},{"R":2,"S":95,"e":381.7806395,"x":-122.8894874,"y":42.4349259},{"R":2,"S":95,"e":371.6868895,"x":-122.9007664,"y":42.4337699},{"R":2,"S":95,"e":368.3222656,"x":-122.9138095,"y":42.4316234},{"R":2,"S":95,"e":369.7642822,"x":-122.9262805,"y":42.4297257},{"R":2,"S":95,"e":362.5543212,"x":-122.9393733,"y":42.4282935},{"R":2,"S":95,"e":353.421875,"x":-122.9534396,"y":42.4275864},{"R":2,"S":95,"e":355.3444824,"x":-122.9587053,"y":42.4243088},{"R":4,"S":95,"e":359.6704101,"x":-122.9600279,"y":42.4208081},{"R":6,"S":95,"e":359.1896972,"x":-122.9644963,"y":42.4195857},{"R":6,"S":95,"e":366.880249,"x":-122.9635033,"y":42.4151178},{"R":6,"S":95,"e":386.5874023,"x":-122.9635318,"y":42.4118763},{"R":6,"S":95,"e":372.6481933,"x":-122.9685225,"y":42.411022},{"R":6,"S":95,"e":388.0292968,"x":-122.9685268,"y":42.4081472},{"R":6,"S":95,"e":394.7585449,"x":-122.9685214,"y":42.404006},{"R":6,"S":95,"e":396.6811523,"x":-122.9685279,"y":42.4006183},{"R":6,"S":95,"e":399.5650634,"x":-122.9685417,"y":42.3933601},{"R":6,"S":95,"e":403.4104003,"x":-122.9687949,"y":42.3902232},{"R":6,"S":95,"e":422.1560058,"x":-122.9733745,"y":42.3875091},{"R":4,"S":95,"e":427.9239501,"x":-122.9729348,"y":42.3851092},{"R":4,"S":95,"e":427.9239501,"x":-122.9679118,"y":42.3827847},{"R":4,"S":95,"e":415.9074707,"x":-122.9615574,"y":42.3797252},{"R":4,"S":95,"e":404.3717041,"x":-122.9556116,"y":42.3765564},{"R":4,"S":95,"e":409.1783447,"x":-122.952172,"y":42.373089},{"R":4,"S":95,"e":418.7915039,"x":-122.9507325,"y":42.3701408},{"R":4,"S":95,"e":420.7141113,"x":-122.9480744,"y":42.3646102},{"R":4,"S":95,"e":424.5594482,"x":-122.9479205,"y":42.3641409},{"R":4,"S":95,"e":427.4433593,"x":-122.9470662,"y":42.359616},{"R":4,"S":95,"e":425.5207519,"x":-122.9445042,"y":42.3569713},{"R":4,"S":95,"e":434.6533203,"x":-122.9458058,"y":42.3527137},{"R":4,"S":95,"e":433.2113037,"x":-122.9459643,"y":42.3476865},{"R":4,"S":95,"e":438.9791259,"x":-122.9483075,"y":42.345432},{"R":4,"S":95,"e":452.9182128,"x":-122.9511768,"y":42.3447071},{"R":4,"S":95,"e":460.6087646,"x":-122.9549289,"y":42.3401817},{"R":4,"S":95,"e":475.5092773,"x":-122.9593542,"y":42.3357848},{"R":4,"S":95,"e":469.2607421,"x":-122.9615639,"y":42.3309206},{"R":4,"S":95,"e":473.1060791,"x":-122.9634507,"y":42.3236929},{"R":4,"S":95,"e":481.7578125,"x":-122.9663001,"y":42.3185513},{"R":2,"S":1,"e":486.5644531,"x":-122.9687466,"y":42.3145321},{"R":2,"S":1,"e":495.6968994,"x":-122.9727237,"y":42.3158199},{"R":2,"S":1,"e":508.1940917,"x":-122.978203,"y":42.3164977},{"R":2,"S":1,"e":520.2105712,"x":-122.9829274,"y":42.3155657},{"R":2,"S":1,"e":532.2270506,"x":-122.9859394,"y":42.3123093},{"R":2,"S":1,"e":549.5307617,"x":-122.989184,"y":42.309239},{"R":2,"S":1,"e":562.9892578,"x":-122.9897338,"y":42.306254},{"R":2,"S":1,"e":576.9284666,"x":-122.9898301,"y":42.3030762},{"R":2,"S":1,"e":600.0,"x":-122.9912857,"y":42.2999514},{"R":2,"S":1,"e":616.3422851,"x":-122.9938851,"y":42.2984711},{"R":2,"S":1,"e":634.6074218,"x":-122.9958668,"y":42.295805},{"R":2,"S":1,"e":656.2370605,"x":-122.9948043,"y":42.2924608},{"R":2,"S":1,"e":657.1984863,"x":-122.9937746,"y":42.2894105},{"R":2,"S":1,"e":640.3754881,"x":-122.9939562,"y":42.2849956},{"R":2,"S":1,"e":622.1103515,"x":-122.9973718,"y":42.2810849},{"R":2,"S":1,"e":612.0166015,"x":-123.0035894,"y":42.2796627},{"R":2,"S":1,"e":597.5966796,"x":-123.0119469,"y":42.2777336},{"R":2,"S":1,"e":575.0058593,"x":-123.018332,"y":42.2756006},{"R":2,"S":1,"e":554.817871,"x":-123.0231586,"y":42.2730804},{"R":2,"S":1,"e":541.8402099,"x":-123.0260211,"y":42.2662944},{"R":2,"S":1,"e":527.9010009,"x":-123.0273546,"y":42.2599438},{"R":2,"S":1,"e":508.6746826,"x":-123.0276944,"y":42.2543569},{"R":2,"S":1,"e":492.8129882,"x":-123.0296253,"y":42.2477457},{"R":2,"S":1,"e":485.6030273,"x":-123.0337132,"y":42.2418339},{"R":2,"S":1,"e":470.2219238,"x":-123.0393817,"y":42.2381556},{"R":2,"S":1,"e":455.3215332,"x":-123.0499205,"y":42.2355366},{"R":2,"S":1,"e":450.9956054,"x":-123.056789,"y":42.2352882},{"R":2,"S":1,"e":431.2885742,"x":-123.0660029,"y":42.2353604},{"R":2,"S":1,"e":428.404663,"x":-123.0751393,"y":42.2397534},{"R":2,"S":1,"e":424.5594482,"x":-123.0832921,"y":42.2404479},{"R":2,"S":1,"e":424.5594482,"x":-123.0903739,"y":42.2395304},{"R":2,"S":95,"e":421.1948242,"x":-123.0965078,"y":42.2356197},{"R":2,"S":1,"e":415.4268798,"x":-123.1034392,"y":42.2359429},{"R":2,"S":1,"e":410.6202392,"x":-123.1132292,"y":42.2401039},{"R":2,"S":1,"e":407.7363281,"x":-123.1251345,"y":42.2421091},{"R":2,"S":1,"e":407.2556152,"x":-123.1303072,"y":42.2422409},{"R":2,"S":1,"e":401.4877929,"x":-123.141069,"y":42.2456992},{"R":2,"S":1,"e":398.1231689,"x":-123.1477659,"y":42.2493069},{"R":2,"S":1,"e":399.0843505,"x":-123.1521278,"y":42.2530592},{"R":2,"S":1,"e":394.2779541,"x":-123.1596908,"y":42.256076},{"R":2,"S":1,"e":391.3937988,"x":-123.1674872,"y":42.2573257},{"R":2,"S":1,"e":391.8745117,"x":-123.1680359,"y":42.257047},{"R":4,"S":95,"e":388.0292968,"x":-123.170413,"y":42.2573472},{"R":4,"S":95,"e":389.4711914,"x":-123.1762485,"y":42.2579176},{"R":4,"S":95,"e":381.7806395,"x":-123.1810684,"y":42.25953},{"R":4,"S":95,"e":379.3774414,"x":-123.1854819,"y":42.2631472},{"R":4,"S":95,"e":376.9742431,"x":-123.1917397,"y":42.2662544},{"R":4,"S":95,"e":375.0515136,"x":-123.1969921,"y":42.2691224},{"R":4,"S":95,"e":373.609497,"x":-123.2007376,"y":42.2726574},{"R":4,"S":95,"e":373.1289062,"x":-123.2047458,"y":42.2754187},{"R":4,"S":95,"e":368.8029785,"x":-123.2088579,"y":42.2785189},{"R":4,"S":95,"e":376.0128173,"x":-123.2101233,"y":42.2833883},{"R":4,"S":95,"e":375.0515136,"x":-123.214888,"y":42.2864485},{"R":4,"S":95,"e":363.9963378,"x":-123.21907,"y":42.2892453},{"R":4,"S":95,"e":374.5708007,"x":-123.2200984,"y":42.2928416},{"R":4,"S":95,"e":390.4326171,"x":-123.2191896,"y":42.2987261},{"R":4,"S":95,"e":380.819458,"x":-123.2239523,"y":42.3000034},{"R":4,"S":95,"e":366.880249,"x":-123.2314876,"y":42.3011657},{"R":4,"S":95,"e":348.6152343,"x":-123.2360374,"y":42.3042718},{"R":4,"S":95,"e":350.0572509,"x":-123.2406473,"y":42.3083815},{"R":4,"S":95,"e":346.6926269,"x":-123.2455258,"y":42.3105318},{"R":4,"S":95,"e":344.7700195,"x":-123.2513835,"y":42.3133391},{"R":4,"S":95,"e":343.3278808,"x":-123.2580911,"y":42.3165198},{"R":4,"S":95,"e":341.4052734,"x":-123.2650477,"y":42.3185793},{"R":4,"S":95,"e":341.4052734,"x":-123.2700229,"y":42.3202083},{"R":4,"S":95,"e":342.84729,"x":-123.2742146,"y":42.3226483},{"R":4,"S":95,"e":336.118164,"x":-123.2796451,"y":42.3262334},{"R":4,"S":95,"e":339.9633789,"x":-123.2831576,"y":42.3288626},{"R":4,"S":95,"e":332.75354,"x":-123.2880674,"y":42.3329437},{"R":4,"S":95,"e":344.2894286,"x":-123.2902594,"y":42.3355799},{"R":4,"S":95,"e":338.5214843,"x":-123.2912769,"y":42.3387698},{"R":4,"S":95,"e":340.9246826,"x":-123.2961669,"y":42.3420201},{"R":4,"S":95,"e":339.0020751,"x":-123.3025082,"y":42.3430157},{"R":4,"S":95,"e":327.9467773,"x":-123.308225,"y":42.3442639},{"R":4,"S":95,"e":334.6761474,"x":-123.3128867,"y":42.3460689},{"R":4,"S":95,"e":335.1567382,"x":-123.3187482,"y":42.34616},{"R":4,"S":95,"e":322.6596679,"x":-123.3237396,"y":42.3455989},{"R":4,"S":95,"e":318.814331,"x":-123.3310061,"y":42.3443354},{"R":2,"S":1,"e":321.6983642,"x":-123.3323975,"y":42.3472848},{"R":4,"S":95,"e":317.8530273,"x":-123.3392761,"y":42.3479584},{"R":4,"S":95,"e":318.3336181,"x":-123.3444651,"y":42.3460878},{"R":4,"S":95,"e":317.8530273,"x":-123.350232,"y":42.3433492},{"R":4,"S":95,"e":309.6818847,"x":-123.3574091,"y":42.3437977},{"R":4,"S":95,"e":306.7978515,"x":-123.3636982,"y":42.3472731},{"R":4,"S":95,"e":305.355957,"x":-123.3669366,"y":42.3493562},{"R":4,"S":95,"e":314.9691161,"x":-123.3670706,"y":42.3554206},{"R":4,"S":95,"e":317.3724365,"x":-123.367023,"y":42.3609263},{"R":4,"S":95,"e":321.2177734,"x":-123.3671559,"y":42.365747},{"R":4,"S":95,"e":319.7756347,"x":-123.3671687,"y":42.364861},{"R":4,"S":95,"e":316.8917236,"x":-123.3671514,"y":42.3622093},{"R":4,"S":95,"e":319.2950439,"x":-123.3671407,"y":42.3589055},{"R":4,"S":95,"e":317.8530273,"x":-123.3671569,"y":42.3562264},{"R":4,"S":95,"e":307.7592773,"x":-123.3671377,"y":42.3533758},{"R":4,"S":95,"e":304.3946533,"x":-123.3671541,"y":42.3499162},{"R":4,"S":95,"e":307.7592773,"x":-123.3615923,"y":42.3468953},{"R":4,"S":95,"e":310.1624755,"x":-123.3562891,"y":42.3432225},{"R":4,"S":95,"e":308.7204589,"x":-123.3576311,"y":42.3440354},{"R":4,"S":95,"e":306.3172607,"x":-123.3631686,"y":42.3471113},{"R":4,"S":95,"e":304.875244,"x":-123.3671083,"y":42.3508019},{"R":4,"S":95,"e":316.4110107,"x":-123.367051,"y":42.356108},{"R":4,"S":95,"e":316.4110107,"x":-123.3670418,"y":42.3614194},{"R":4,"S":95,"e":319.7756347,"x":-123.3679662,"y":42.3646401},{"R":4,"S":95,"e":313.5272216,"x":-123.3727909,"y":42.361345},{"R":4,"S":95,"e":312.0852049,"x":-123.3820622,"y":42.3595353},{"R":4,"S":95,"e":311.1237792,"x":-123.3850955,"y":42.3563059},{"R":4,"S":95,"e":300.0687255,"x":-123.3903874,"y":42.3534164},{"R":4,"S":95,"e":306.7978515,"x":-123.3957945,"y":42.3517961},{"R":4,"S":95,"e":301.0299072,"x":-123.4001419,"y":42.3512448},{"R":4,"S":95,"e":298.6267089,"x":-123.4056745,"y":42.3527531},{"R":4,"S":95,"e":297.1846923,"x":-123.4135285,"y":42.3538424},{"R":4,"S":95,"e":297.6654052,"x":-123.4211781,"y":42.3537025},{"R":4,"S":95,"e":293.3393554,"x":-123.4279854,"y":42.3562036},{"R":4,"S":95,"e":293.3393554,"x":-123.4315442,"y":42.3607217},{"R":4,"S":95,"e":295.7426757,"x":-123.4359413,"y":42.3642972},{"R":4,"S":95,"e":294.781372,"x":-123.4431202,"y":42.3644878},{"R":4,"S":95,"e":291.8974609,"x":-123.4471238,"y":42.3668468},{"R":4,"S":95,"e":293.3393554,"x":-123.4491873,"y":42.3708868},{"R":4,"S":95,"e":293.8200683,"x":-123.4536018,"y":42.3738549},{"R":4,"S":95,"e":301.0299072,"x":-123.457778,"y":42.376695},{"R":4,"S":95,"e":290.9361572,"x":-123.4616845,"y":42.3805856},{"R":4,"S":95,"e":281.8035888,"x":-123.4666228,"y":42.3828967},{"R":4,"S":95,"e":282.2843017,"x":-123.4665682,"y":42.3828601},{"R":4,"S":95,"e":281.322998,"x":-123.4647432,"y":42.3847854},{"R":4,"S":95,"e":286.6102294,"x":-123.4644701,"y":42.389879},{"R":2,"S":1,"e":283.2456054,"x":-123.4622383,"y":42.3944325},{"R":3,"S":1,"e":283.7261962,"x":-123.4587016,"y":42.3973805},{"R":3,"S":1,"e":281.8035888,"x":-123.4561689,"y":42.4021986},{"R":3,"S":1,"e":280.8424072,"x":-123.4556392,"y":42.4069416},{"R":3,"S":1,"e":290.4555664,"x":-123.4575493,"y":42.4119655},{"R":3,"S":1,"e":294.781372,"x":-123.4627375,"y":42.4165779},{"R":3,"S":1,"e":285.1682128,"x":-123.4701848,"y":42.4218362},{"R":3,"S":1,"e":302.4719238,"x":-123.4718533,"y":42.4239047},{"R":3,"S":1,"e":317.3724365,"x":-123.4733512,"y":42.4262116},{"R":3,"S":1,"e":324.1015625,"x":-123.4745399,"y":42.4292052},{"R":3,"S":1,"e":313.0465087,"x":-123.475958,"y":42.4327452},{"R":3,"S":1,"e":294.781372,"x":-123.4818778,"y":42.4332736},{"R":3,"S":1,"e":283.7261962,"x":-123.4899141,"y":42.4353178},{"R":3,"S":1,"e":269.7871093,"x":-123.4951167,"y":42.4369405},{"R":3,"S":1,"e":264.9805908,"x":-123.5031292,"y":42.4388962},{"R":3,"S":1,"e":269.3065185,"x":-123.5017902,"y":42.4426305},{"R":3,"S":1,"e":276.9970703,"x":-123.4997907,"y":42.4468834},{"R":3,"S":1,"e":278.9196777,"x":-123.5002577,"y":42.4505576},{"R":3,"S":1,"e":278.9196777,"x":-123.4999523,"y":42.4540985},{"R":3,"S":1,"e":279.4002685,"x":-123.4989841,"y":42.4595361},{"R":3,"S":1,"e":283.7261962,"x":-123.5005919,"y":42.4630729},{"R":3,"S":1,"e":292.8587645,"x":-123.503329,"y":42.4653892},{"R":3,"S":1,"e":290.4555664,"x":-123.5039283,"y":42.4688038},{"R":3,"S":1,"e":294.781372,"x":-123.5045077,"y":42.4733943},{"R":3,"S":1,"e":298.6267089,"x":-123.5061973,"y":42.4751311},{"R":3,"S":1,"e":300.0687255,"x":-123.5053165,"y":42.4780329},{"R":3,"S":1,"e":296.2235107,"x":-123.5039161,"y":42.4813298},{"R":3,"S":1,"e":293.8200683,"x":-123.500646,"y":42.4835013},{"R":3,"S":1,"e":277.4776611,"x":-123.4967772,"y":42.4841126},{"R":3,"S":1,"e":273.1518554,"x":-123.4912939,"y":42.4860817},{"R":3,"S":1,"e":277.4776611,"x":-123.4893881,"y":42.4887794},{"R":3,"S":1,"e":263.5385742,"x":-123.4895045,"y":42.4944054},{"R":3,"S":1,"e":257.7707519,"x":-123.4862318,"y":42.4957305},{"R":3,"S":1,"e":255.8480224,"x":-123.478911,"y":42.4944827},{"R":3,"S":1,"e":262.5771484,"x":-123.4740798,"y":42.4918637},{"R":3,"S":1,"e":267.3839111,"x":-123.4735787,"y":42.4855521},{"R":3,"S":1,"e":270.2677001,"x":-123.474686,"y":42.480625},{"R":3,"S":1,"e":290.9361572,"x":-123.4757583,"y":42.4778374},{"R":3,"S":1,"e":310.6430664,"x":-123.4731708,"y":42.4759798},{"R":3,"S":1,"e":334.1954345,"x":-123.4688962,"y":42.4749871},{"R":3,"S":1,"e":357.7478027,"x":-123.4654193,"y":42.4734174},{"R":3,"S":1,"e":368.8029785,"x":-123.4614587,"y":42.4719618},{"R":3,"S":1,"e":358.2283935,"x":-123.4585778,"y":42.4686479},{"R":3,"S":1,"e":342.3666992,"x":-123.4590005,"y":42.4649572},{"R":3,"S":1,"e":322.1789549,"x":-123.460079,"y":42.4584294},{"R":3,"S":1,"e":302.9525145,"x":-123.4615128,"y":42.4523743},{"R":3,"S":1,"e":279.8808593,"x":-123.4620409,"y":42.4451268},{"R":3,"S":1,"e":283.7261962,"x":-123.460199,"y":42.4406273},{"R":3,"S":1,"e":283.2456054,"x":-123.4564062,"y":42.4380559},{"R":3,"S":1,"e":276.5163574,"x":-123.4498328,"y":42.4376714},{"R":3,"S":1,"e":278.4389648,"x":-123.4438874,"y":42.4395894},{"R":3,"S":1,"e":274.1130371,"x":-123.4383197,"y":42.4420772},{"R":3,"S":1,"e":275.5550536,"x":-123.4312535,"y":42.4383404},{"R":3,"S":1,"e":289.9748535,"x":-123.4275603,"y":42.437256},{"R":3,"S":1,"e":278.9196777,"x":-123.4242819,"y":42.4384029},{"R":3,"S":1,"e":271.7097167,"x":-123.4179812,"y":42.437206},{"R":3,"S":1,"e":271.2291259,"x":-123.4104487,"y":42.436825},{"R":3,"S":1,"e":273.1518554,"x":-123.4014997,"y":42.4368292},{"R":3,"S":1,"e":275.0744628,"x":-123.3964414,"y":42.43738},{"R":3,"S":1,"e":275.5550536,"x":-123.388196,"y":42.4391197},{"R":3,"S":1,"e":280.3616943,"x":-123.3790977,"y":42.4382387},{"R":3,"S":1,"e":276.9970703,"x":-123.3711974,"y":42.4345016},{"R":3,"S":1,"e":277.4776611,"x":-123.3646504,"y":42.4331577},{"R":3,"S":1,"e":281.322998,"x":-123.3567292,"y":42.4332592},{"R":4,"S":95,"e":282.2843017,"x":-123.3522202,"y":42.432035},{"R":13,"S":95,"e":282.2843017,"x":-123.3497601,"y":42.4295468},{"R":13,"S":95,"e":282.2843017,"x":-123.347124,"y":42.4294192},{"R":13,"S":95,"e":282.7650145,"x":-123.3478821,"y":42.4282344},{"R":6,"S":95,"e":283.2456054,"x":-123.3450358,"y":42.4292428},{"R":6,"S":95,"e":284.2069091,"x":-123.3452485,"y":42.4342641},{"R":6,"S":95,"e":285.6488036,"x":-123.3405813,"y":42.4350055},{"R":4,"S":95,"e":288.5329589,"x":-123.3322848,"y":42.4348288},{"R":4,"S":95,"e":287.5714111,"x":-123.3281252,"y":42.4330655},{"R":4,"S":95,"e":288.5329589,"x":-123.3204187,"y":42.4307584},{"R":4,"S":95,"e":288.5329589,"x":-123.3172873,"y":42.4307393},{"R":4,"S":95,"e":292.8587645,"x":-123.3077378,"y":42.4307502},{"R":4,"S":95,"e":292.3781738,"x":-123.2998417,"y":42.4295406},{"R":6,"S":95,"e":299.5880126,"x":-123.2974178,"y":42.4314673},{"R":6,"S":95,"e":301.0299072,"x":-123.2900945,"y":42.429562},{"R":6,"S":95,"e":307.2785644,"x":-123.2874823,"y":42.4329018},{"R":6,"S":95,"e":317.3724365,"x":-123.2877465,"y":42.4371538},{"R":4,"S":95,"e":332.75354,"x":-123.2838191,"y":42.4380134},{"R":4,"S":95,"e":342.84729,"x":-123.2769473,"y":42.4382504},{"R":4,"S":95,"e":357.2670898,"x":-123.2712597,"y":42.4374623},{"R":4,"S":95,"e":370.244873,"x":-123.2650357,"y":42.4370244},{"R":4,"S":95,"e":340.9246826,"x":-123.2613748,"y":42.4348467},{"R":4,"S":95,"e":305.8366699,"x":-123.2576128,"y":42.4307016},{"R":4,"S":95,"e":305.355957,"x":-123.2504995,"y":42.4279467},{"R":4,"S":95,"e":312.5657958,"x":-123.2438182,"y":42.4263476},{"R":4,"S":95,"e":319.7756347,"x":-123.2388856,"y":42.4268041},{"R":4,"S":95,"e":321.2177734,"x":-123.232101,"y":42.4253166},{"R":4,"S":95,"e":320.2563476,"x":-123.2290603,"y":42.4229473},{"R":4,"S":95,"e":320.7370605,"x":-123.2223331,"y":42.4207893},{"R":4,"S":95,"e":322.1789549,"x":-123.2166198,"y":42.4215342},{"R":4,"S":95,"e":326.5048828,"x":-123.2102089,"y":42.4209816},{"R":4,"S":95,"e":315.4498291,"x":-123.203815,"y":42.4218785},{"R":6,"S":95,"e":309.2011718,"x":-123.200238,"y":42.4220684},{"R":6,"S":95,"e":309.2011718,"x":-123.1927811,"y":42.424664},{"R":6,"S":95,"e":311.6044921,"x":-123.1900941,"y":42.4278631},{"R":6,"S":95,"e":313.0465087,"x":-123.1873807,"y":42.430031},{"R":4,"S":95,"e":314.9691161,"x":-123.1835222,"y":42.4324363},{"R":4,"S":95,"e":313.0465087,"x":-123.1794103,"y":42.4362798},{"R":4,"S":95,"e":313.5272216,"x":-123.1753122,"y":42.4366788},{"R":28,"S":95,"e":314.0078125,"x":-123.1739572,"y":42.4400743},{"R":28,"S":95,"e":312.0852049,"x":-123.1727736,"y":42.439987},{"R":13,"S":95,"color":16711680,"e":314.9691161,"options":4,"x":-123.1709862,"y":42.4396429}],"course_points":[],"points_of_interest":[]}}