{
  "results": [
    {
      "id": 138,
      "group_membership_id": 34,
      "name": "Ride the Rogue",
      "description": "Annual Ride the Rogue centennial bike ride.",
      "created_at": "2008-01-16T09:07:22Z",
      "distance": 168253,
      "elevation_gain": 879.914,
      "elevation_loss": 896.587,
      "visibility": 0,
      "first_lat": 42.4398401286,
      "first_lng": -123.170347726,
      "last_lat": 42.4396429863,
      "last_lng": -123.170986259,
      "is_trip": false,
      "postal_code": "97537",
      "locality": "Rogue River",
      "administrative_area": "OR",
      "pavement_type_id": null,
      "country_code": "US",
      "has_course_points": false,
      "updated_at": "2017-06-10T00:00:39Z",
      "best_for_id": null,
      "planner_options": null,
      "user_id": 1,
      "deleted_at": null,
      "sw_lng": -123.506197343,
      "sw_lat": 42.2352882475,
      "ne_lng": -122.889487417,
      "ne_lat": 42.4957305752,
      "track_id": "4dfd576699f6f91eff09beec",
      "archived_at": null,
      "likes_count": 0,
      "track_type": "loop",
      "terrain": "flat",
      "difficulty": "hard",
      "unpaved_pct": 0,
      "highlighted_photo_id": 0,
      "highlighted_photo_checksum": null
    },
    {
      "id": 140,
      "group_membership_id": 34,
      "name": "Philomath Corvallis Loop",
      "description": "Simple loop out through Philomath, cutting across to the fairgrounds, then taking the walking path around the fairgrounds until you get back on the main road.  Then head out a bit northwest, to find some challenging hills to do a couple sprints on.  This is a great quick workout.",
      "created_at": "2008-01-16T23:54:10Z",
      "distance": 35091.8,
      "elevation_gain": 328.067,
      "elevation_loss": 332.271,
      "visibility": 0,
      "first_lat": 44.5683980361,
      "first_lng": -123.257765863,
      "last_lat": 44.568497194,
      "last_lng": -123.257760834,
      "is_trip": false,
      "postal_code": "97330",
      "locality": "Corvallis",
      "administrative_area": "OR",
      "pavement_type_id": null,
      "country_code": "US",
      "has_course_points": false,
      "updated_at": "2017-06-10T00:00:39Z",
      "best_for_id": null,
      "planner_options": null,
      "user_id": 1,
      "deleted_at": null,
      "sw_lng": -123.358922862,
      "sw_lat": 44.5389159489,
      "ne_lng": -123.256614357,
      "ne_lat": 44.5898045786,
      "track_id": "4dfd513899f6f91eff082269",
      "archived_at": null,
      "likes_count": 0,
      "track_type": "loop",
      "terrain": "rolling",
      "difficulty": "easy",
      "unpaved_pct": 0,
      "highlighted_photo_id": 0,
      "highlighted_photo_checksum": null
    }
  ]
}